Archive member included to satisfy reference by file (symbol)

/usr/lib/gcc/arm-none-eabi/10.3.1/thumb/v6-m/nofp/libgcc.a(_udivsi3.o)
                              led_blinky.o (__aeabi_uidiv)
/usr/lib/gcc/arm-none-eabi/10.3.1/thumb/v6-m/nofp/libgcc.a(_divsi3.o)
                              drivers/fsl_str.o (__aeabi_idiv)
/usr/lib/gcc/arm-none-eabi/10.3.1/thumb/v6-m/nofp/libgcc.a(_dvmd_tls.o)
                              /usr/lib/gcc/arm-none-eabi/10.3.1/thumb/v6-m/nofp/libgcc.a(_udivsi3.o) (__aeabi_idiv0)
/usr/lib/gcc/arm-none-eabi/10.3.1/../../../arm-none-eabi/lib/thumb/v6-m/nofp/libg_nano.a(lib_a-atexit.o)
                              /usr/lib/gcc/arm-none-eabi/10.3.1/../../../arm-none-eabi/lib/thumb/v6-m/nofp/crt0.o (atexit)
/usr/lib/gcc/arm-none-eabi/10.3.1/../../../arm-none-eabi/lib/thumb/v6-m/nofp/libg_nano.a(lib_a-exit.o)
                              /usr/lib/gcc/arm-none-eabi/10.3.1/../../../arm-none-eabi/lib/thumb/v6-m/nofp/crt0.o (exit)
/usr/lib/gcc/arm-none-eabi/10.3.1/../../../arm-none-eabi/lib/thumb/v6-m/nofp/libg_nano.a(lib_a-fini.o)
                              /usr/lib/gcc/arm-none-eabi/10.3.1/../../../arm-none-eabi/lib/thumb/v6-m/nofp/crt0.o (__libc_fini_array)
/usr/lib/gcc/arm-none-eabi/10.3.1/../../../arm-none-eabi/lib/thumb/v6-m/nofp/libg_nano.a(lib_a-impure.o)
                              /usr/lib/gcc/arm-none-eabi/10.3.1/../../../arm-none-eabi/lib/thumb/v6-m/nofp/libg_nano.a(lib_a-exit.o) (_global_impure_ptr)
/usr/lib/gcc/arm-none-eabi/10.3.1/../../../arm-none-eabi/lib/thumb/v6-m/nofp/libg_nano.a(lib_a-init.o)
                              /usr/lib/gcc/arm-none-eabi/10.3.1/../../../arm-none-eabi/lib/thumb/v6-m/nofp/crt0.o (__libc_init_array)
/usr/lib/gcc/arm-none-eabi/10.3.1/../../../arm-none-eabi/lib/thumb/v6-m/nofp/libg_nano.a(lib_a-malloc.o)
                              drivers/fsl_common.o (malloc)
/usr/lib/gcc/arm-none-eabi/10.3.1/../../../arm-none-eabi/lib/thumb/v6-m/nofp/libg_nano.a(lib_a-memcpy-stub.o)
                              drivers/fsl_ftfx_cache.o (memcpy)
/usr/lib/gcc/arm-none-eabi/10.3.1/../../../arm-none-eabi/lib/thumb/v6-m/nofp/libg_nano.a(lib_a-memset.o)
                              /usr/lib/gcc/arm-none-eabi/10.3.1/../../../arm-none-eabi/lib/thumb/v6-m/nofp/crt0.o (memset)
/usr/lib/gcc/arm-none-eabi/10.3.1/../../../arm-none-eabi/lib/thumb/v6-m/nofp/libg_nano.a(lib_a-nano-freer.o)
                              /usr/lib/gcc/arm-none-eabi/10.3.1/../../../arm-none-eabi/lib/thumb/v6-m/nofp/libg_nano.a(lib_a-malloc.o) (_free_r)
/usr/lib/gcc/arm-none-eabi/10.3.1/../../../arm-none-eabi/lib/thumb/v6-m/nofp/libg_nano.a(lib_a-nano-mallocr.o)
                              /usr/lib/gcc/arm-none-eabi/10.3.1/../../../arm-none-eabi/lib/thumb/v6-m/nofp/libg_nano.a(lib_a-malloc.o) (_malloc_r)
/usr/lib/gcc/arm-none-eabi/10.3.1/../../../arm-none-eabi/lib/thumb/v6-m/nofp/libg_nano.a(lib_a-sbrkr.o)
                              /usr/lib/gcc/arm-none-eabi/10.3.1/../../../arm-none-eabi/lib/thumb/v6-m/nofp/libg_nano.a(lib_a-nano-mallocr.o) (_sbrk_r)
/usr/lib/gcc/arm-none-eabi/10.3.1/../../../arm-none-eabi/lib/thumb/v6-m/nofp/libg_nano.a(lib_a-strlen-stub.o)
                              drivers/fsl_str.o (strlen)
/usr/lib/gcc/arm-none-eabi/10.3.1/../../../arm-none-eabi/lib/thumb/v6-m/nofp/libg_nano.a(lib_a-__atexit.o)
                              /usr/lib/gcc/arm-none-eabi/10.3.1/../../../arm-none-eabi/lib/thumb/v6-m/nofp/libg_nano.a(lib_a-atexit.o) (__register_exitproc)
/usr/lib/gcc/arm-none-eabi/10.3.1/../../../arm-none-eabi/lib/thumb/v6-m/nofp/libg_nano.a(lib_a-__call_atexit.o)
                              /usr/lib/gcc/arm-none-eabi/10.3.1/../../../arm-none-eabi/lib/thumb/v6-m/nofp/libg_nano.a(lib_a-__atexit.o) (__call_exitprocs)
/usr/lib/gcc/arm-none-eabi/10.3.1/../../../arm-none-eabi/lib/thumb/v6-m/nofp/libg_nano.a(lib_a-mlock.o)
                              /usr/lib/gcc/arm-none-eabi/10.3.1/../../../arm-none-eabi/lib/thumb/v6-m/nofp/libg_nano.a(lib_a-nano-freer.o) (__malloc_lock)
/usr/lib/gcc/arm-none-eabi/10.3.1/../../../arm-none-eabi/lib/thumb/v6-m/nofp/libg_nano.a(lib_a-reent.o)
                              /usr/lib/gcc/arm-none-eabi/10.3.1/../../../arm-none-eabi/lib/thumb/v6-m/nofp/libg_nano.a(lib_a-sbrkr.o) (errno)

Discarded input sections

 .text          0x0000000000000000        0x0 /usr/lib/gcc/arm-none-eabi/10.3.1/thumb/v6-m/nofp/crti.o
 .data          0x0000000000000000        0x0 /usr/lib/gcc/arm-none-eabi/10.3.1/thumb/v6-m/nofp/crti.o
 .bss           0x0000000000000000        0x0 /usr/lib/gcc/arm-none-eabi/10.3.1/thumb/v6-m/nofp/crti.o
 .text          0x0000000000000000       0x98 /usr/lib/gcc/arm-none-eabi/10.3.1/thumb/v6-m/nofp/crtbegin.o
 .data          0x0000000000000000        0x4 /usr/lib/gcc/arm-none-eabi/10.3.1/thumb/v6-m/nofp/crtbegin.o
 .bss           0x0000000000000000       0x1c /usr/lib/gcc/arm-none-eabi/10.3.1/thumb/v6-m/nofp/crtbegin.o
[...]
Memory Configuration

Name             Origin             Length             Attributes
INTERRUPTS       0x0000000000000000 0x0000000000000100 xr
FLASH_CONFIG     0x0000000000000400 0x0000000000000010 xr
TEXT             0x0000000000000410 0x000000000003fbf0 xr
RAM              0x000000001fffe000 0x0000000000008000 xrw
*default*        0x0000000000000000 0xffffffffffffffff

Linker script and memory map

LOAD /usr/lib/gcc/arm-none-eabi/10.3.1/thumb/v6-m/nofp/crti.o
LOAD /usr/lib/gcc/arm-none-eabi/10.3.1/thumb/v6-m/nofp/crtbegin.o
LOAD /usr/lib/gcc/arm-none-eabi/10.3.1/../../../arm-none-eabi/lib/thumb/v6-m/nofp/crt0.o
                0x0000000000000400                STACK_SIZE = DEFINED (__stack_size__)?__stack_size__:0x400

.interrupts     0x0000000000000000       0xc0
 *(.isr_vector .isr_vector.*)
 .isr_vector    0x0000000000000000       0xc0 startup.o
                0x0000000000000000                g_pfnVectors

.flash_config   0x0000000000000400       0x10
                0x0000000000000400                . = ALIGN (0x4)
                0x0000000000000400        0x4 LONG 0xffffffff
                0x0000000000000404        0x4 LONG 0xffffffff
                0x0000000000000408        0x4 LONG 0xffffffff
                0x000000000000040c        0x4 LONG 0xfffffffe

.text           0x0000000000000410     0x426d
 *(.text .text.* .gnu.linkonce.t.*)
 .text          0x0000000000000410       0x38 board.o
                0x0000000000000410                BOARD_InitDebugConsole
 .text          0x0000000000000448       0xd0 clock_config.o
                0x0000000000000460                BOARD_BootClockRUN
                0x00000000000004c4                BOARD_BootClockVLPR
 .text          0x0000000000000518       0x28 hello_world.o
                0x0000000000000518                main
 .text          0x0000000000000540       0x34 pin_mux_blinky.o
                0x0000000000000540                BOARD_InitPins
                0x000000000000056c                BOARD_InitBootPins
 .text          0x0000000000000574       0x3c startup.o
                0x0000000000000574                HardFaultIntHandler
                0x0000000000000574                PendSVIntHandler
                0x0000000000000574                SysTickIntHandler
                0x0000000000000574                BusFaultIntHandler
                0x0000000000000574                NMIIntHandler
                0x0000000000000574                UsageFaultIntHandler
                0x0000000000000574                MemManageIntHandler
                0x0000000000000574                SVCIntHandler
                0x0000000000000574                DebugMonIntHandler
                0x0000000000000576                RTCSIntHandler
                0x0000000000000576                FTM1IntHandler
                0x0000000000000576                USBOTGIntHandler
                0x0000000000000576                UART0SEIntHandler
                0x0000000000000576                UART2SEIntHandler
                0x0000000000000576                FTM2IntHandler
                0x0000000000000576                I2C1IntHandler
                0x0000000000000576                PORTDIntHandler
                0x0000000000000576                Default_ResetHandler
                0x0000000000000576                DMA1IntHandler
                0x0000000000000576                DACIntHandler
                0x0000000000000576                ACMPIntHandler
                0x0000000000000576                ResetHandler
                0x0000000000000576                LVDIntHandler
                0x0000000000000576                PORTAIntHandler
                0x0000000000000576                SPI1IntHandler
                0x0000000000000576                FTFAIntHandler
                0x0000000000000576                UART1SEIntHandler
                0x0000000000000576                ADCIntHandler
                0x0000000000000576                DMA0IntHandler
                0x0000000000000576                I2C0IntHandler
                0x0000000000000576                FTM0IntHandler
                0x0000000000000576                LLWUIntHandler
                0x0000000000000576                MCGIntHandler
                0x0000000000000576                RTCAIntHandler
                0x0000000000000576                SPI0IntHandler
                0x0000000000000576                TSIIntHandler
                0x0000000000000576                LPTMRIntHandler
                0x0000000000000576                PITIntHandler
                0x0000000000000576                DMA3IntHandler
                0x0000000000000576                DMA2IntHandler
 .text          0x00000000000005b0       0x1c drivers/fsl_assert.o
                0x00000000000005b0                __assert_func
 .text          0x00000000000005cc      0xe78 drivers/fsl_clock.o
                0x00000000000006cc                CLOCK_GetOsc0ErClkFreq
                0x000000000000070c                CLOCK_GetEr32kClkFreq
                0x000000000000076c                CLOCK_SetSimConfig
                0x00000000000007b8                CLOCK_EnableUsbfs0Clock
                0x0000000000000818                CLOCK_GetFllFreq
                0x0000000000000864                CLOCK_GetInternalRefClkFreq
                0x000000000000087c                CLOCK_GetPll0Freq
                0x00000000000008cc                CLOCK_GetPllFllSelClkFreq
                0x0000000000000900                CLOCK_GetOutClkFreq
                0x0000000000000944                CLOCK_GetPlatClkFreq
                0x0000000000000964                CLOCK_GetFlashClkFreq
                0x0000000000000990                CLOCK_GetBusClkFreq
                0x00000000000009bc                CLOCK_GetCoreSysClkFreq
                0x00000000000009dc                CLOCK_GetFixedFreqClkFreq
                0x00000000000009f8                CLOCK_GetFreq
                0x0000000000000a7c                CLOCK_SetExternalRefClkConfig
                0x0000000000000a80                CLOCK_SetInternalRefClkConfig
                0x0000000000000b08                CLOCK_CalcPllDiv
                0x0000000000000bf8                CLOCK_EnablePll0
                0x0000000000000c50                CLOCK_SetOsc0MonitorMode
                0x0000000000000c98                CLOCK_SetPll0MonitorMode
                0x0000000000000cdc                CLOCK_GetStatusFlags
                0x0000000000000d10                CLOCK_ClearStatusFlags
                0x0000000000000d30                CLOCK_InitOsc0
                0x0000000000000d90                CLOCK_DeinitOsc0
                0x0000000000000dac                CLOCK_TrimInternalRefClk
                0x0000000000000e98                CLOCK_GetMode
                0x0000000000000f08                CLOCK_SetFeiMode
                0x0000000000000f74                CLOCK_SetFeeMode
                0x0000000000001008                CLOCK_SetFbiMode
                0x0000000000001084                CLOCK_SetFbeMode
                0x0000000000001114                CLOCK_SetBlpiMode
                0x0000000000001128                CLOCK_SetBlpeMode
                0x000000000000113c                CLOCK_SetPbeMode
                0x00000000000011b8                CLOCK_SetPeeMode
                0x00000000000011d8                CLOCK_ExternalModeToFbeModeQuick
                0x000000000000121c                CLOCK_InternalModeToFbiModeQuick
                0x000000000000124c                CLOCK_BootToFeiMode
                0x0000000000001254                CLOCK_BootToFeeMode
                0x0000000000001264                CLOCK_BootToBlpiMode
                0x00000000000012a4                CLOCK_BootToBlpeMode
                0x00000000000012e4                CLOCK_BootToPeeMode
                0x0000000000001330                CLOCK_SetMcgConfig
 .text          0x0000000000001444      0x158 drivers/fsl_debug_console.o
                0x0000000000001486                DbgConsole_Init
                0x00000000000014b0                DbgConsole_Deinit
                0x00000000000014ba                DbgConsole_Flush
                0x00000000000014c2                DbgConsole_Printf
                0x0000000000001500                DbgConsole_Putchar
                0x0000000000001512                DbgConsole_Scanf
                0x0000000000001548                DbgConsole_Getchar
                0x000000000000155c                _write
                0x0000000000001584                _read
 .text          0x000000000000159c       0xe0 drivers/fsl_ftfx_cache.o
                0x00000000000015ac                FTFx_CACHE_Init
                0x00000000000015d0                FTFx_CACHE_PflashSetPrefetchSpeculation
                0x0000000000001628                FTFx_CACHE_PflashGetPrefetchSpeculation
                0x0000000000001654                mcm_flash_cache_clear
                0x000000000000166c                FTFx_CACHE_ClearCachePrefetchSpeculation
 .text          0x000000000000167c      0x170 drivers/fsl_io.o
                0x000000000000167c                IO_Init
                0x0000000000001718                IO_Deinit
                0x0000000000001758                IO_WaitIdle
                0x000000000000178c                IO_Transfer
 .text          0x00000000000017ec      0x134 drivers/fsl_log.o
                0x0000000000001800                LOG_Init
                0x000000000000181e                LOG_Deinit
                0x0000000000001826                LOG_WaitIdle
                0x0000000000001830                LOG_Pop
                0x000000000000184a                LOG_Push
                0x0000000000001870                LOG_ReadLine
                0x00000000000018ec                LOG_ReadCharacter
 .text          0x0000000000001920      0xc5c drivers/fsl_lpsci.o
                0x0000000000001980                LPSCI_GetInstance
                0x00000000000019b8                LPSCI_TransferGetRxRingBufferLength
                0x0000000000001a30                LPSCI_Init
                0x0000000000001bb8                LPSCI_Deinit
                0x0000000000001bd8                LPSCI_GetDefaultConfig
                0x0000000000001c10                LPSCI_SetBaudRate
                0x0000000000001d0c                LPSCI_EnableInterrupts
                0x0000000000001d30                LPSCI_DisableInterrupts
                0x0000000000001d50                LPSCI_GetEnabledInterrupts
                0x0000000000001d6c                LPSCI_GetStatusFlags
                0x0000000000001d76                LPSCI_ClearStatusFlags
                0x0000000000001dc8                LPSCI_TransferHandleIRQ
                0x0000000000002034                LPSCI_WriteBlocking
                0x0000000000002070                LPSCI_ReadBlocking
                0x0000000000002104                LPSCI_TransferCreateHandle
                0x0000000000002170                LPSCI_TransferStartRingBuffer
                0x00000000000021d8                LPSCI_TransferStopRingBuffer
                0x000000000000222c                LPSCI_TransferSendNonBlocking
                0x00000000000022c8                LPSCI_TransferAbortSend
                0x00000000000022fc                LPSCI_TransferGetSendCount
                0x0000000000002354                LPSCI_TransferReceiveNonBlocking
                0x00000000000024bc                LPSCI_TransferAbortReceive
                0x0000000000002510                LPSCI_TransferGetReceiveCount
                0x0000000000002564                LPSCI_TransferHandleErrorIRQ
                0x0000000000002566                UART0_DriverIRQHandler
 .text          0x000000000000257c      0x1f8 drivers/fsl_smc.o
                0x000000000000257c                SMC_PreEnterStopModes
                0x00000000000025a8                SMC_PostExitStopModes
                0x00000000000025d0                SMC_PreEnterWaitModes
                0x00000000000025e4                SMC_PostExitWaitModes
                0x00000000000025f8                SMC_SetPowerModeRun
                0x0000000000002604                SMC_SetPowerModeWait
                0x0000000000002620                SMC_SetPowerModeStop
                0x0000000000002664                SMC_SetPowerModeVlpr
                0x0000000000002676                SMC_SetPowerModeVlpw
                0x0000000000002694                SMC_SetPowerModeVlps
                0x00000000000026d0                SMC_SetPowerModeLls
                0x000000000000270c                SMC_SetPowerModeVlls
 .text          0x0000000000002774      0x59c drivers/fsl_str.o
                0x0000000000002844                StrFormatPrintf
                0x0000000000002a3e                StrFormatScanf
 .text          0x0000000000002d10      0xbb8 drivers/fsl_uart.o
                0x0000000000002d78                UART_GetInstance
                0x0000000000002db4                UART_TransferGetRxRingBufferLength
                0x0000000000002e2c                UART_Init
                0x0000000000002f5c                UART_Deinit
                0x0000000000002f94                UART_GetDefaultConfig
                0x0000000000002fcc                UART_SetBaudRate
                0x000000000000306c                UART_EnableInterrupts
                0x0000000000003090                UART_DisableInterrupts
                0x00000000000030b0                UART_TransferHandleIRQ
                0x0000000000003320                UART_GetEnabledInterrupts
                0x000000000000333c                UART_GetStatusFlags
                0x0000000000003346                UART_ClearStatusFlags
                0x0000000000003380                UART_WriteBlocking
                0x000000000000339c                UART_ReadBlocking
                0x0000000000003410                UART_TransferCreateHandle
                0x0000000000003494                UART_TransferStartRingBuffer
                0x00000000000034fc                UART_TransferStopRingBuffer
                0x0000000000003550                UART_TransferSendNonBlocking
                0x00000000000035ec                UART_TransferAbortSend
                0x0000000000003620                UART_TransferGetSendCount
                0x0000000000003674                UART_TransferReceiveNonBlocking
                0x00000000000037dc                UART_TransferAbortReceive
                0x0000000000003830                UART_TransferGetReceiveCount
                0x0000000000003888                UART_TransferHandleErrorIRQ
                0x000000000000388a                UART1_DriverIRQHandler
                0x00000000000038a0                UART1_RX_TX_DriverIRQHandler
                0x00000000000038a8                UART2_DriverIRQHandler
                0x00000000000038c0                UART2_RX_TX_DriverIRQHandler
 .text          0x00000000000038c8      0x114 /usr/lib/gcc/arm-none-eabi/10.3.1/thumb/v6-m/nofp/libgcc.a(_udivsi3.o)
                0x00000000000038c8                __udivsi3
                0x00000000000038c8                __aeabi_uidiv
                0x00000000000039d4                __aeabi_uidivmod
 .text          0x00000000000039dc      0x1d4 /usr/lib/gcc/arm-none-eabi/10.3.1/thumb/v6-m/nofp/libgcc.a(_divsi3.o)
                0x00000000000039dc                __aeabi_idiv
                0x00000000000039dc                __divsi3
                0x0000000000003ba8                __aeabi_idivmod
 .text          0x0000000000003bb0        0x4 /usr/lib/gcc/arm-none-eabi/10.3.1/thumb/v6-m/nofp/libgcc.a(_dvmd_tls.o)
                0x0000000000003bb0                __aeabi_ldiv0
                0x0000000000003bb0                __aeabi_idiv0
 .text          0x0000000000003bb4       0xa4 /usr/lib/gcc/arm-none-eabi/10.3.1/../../../arm-none-eabi/lib/thumb/v6-m/nofp/libg_nano.a(lib_a-memcpy-stub.o)
                0x0000000000003bb4                memcpy
 .text          0x0000000000003c58       0xa8 /usr/lib/gcc/arm-none-eabi/10.3.1/../../../arm-none-eabi/lib/thumb/v6-m/nofp/libg_nano.a(lib_a-memset.o)
                0x0000000000003c58                memset
 .text          0x0000000000003d00       0x5c /usr/lib/gcc/arm-none-eabi/10.3.1/../../../arm-none-eabi/lib/thumb/v6-m/nofp/libg_nano.a(lib_a-strlen-stub.o)
                0x0000000000003d00                strlen
 *(.glue_7t)
 .glue_7t       0x0000000000003d5c        0x0 linker stubs
 *(.glue_7)
 .glue_7        0x0000000000003d5c        0x0 linker stubs
 *(.rodata .rodata* .gnu.linkonce.r.*)
 .rodata        0x0000000000003d5c       0x36 clock_config.o
                0x0000000000003d5c                oscConfig_BOARD_BootClockRUN
                0x0000000000003d64                mcgConfig_BOARD_BootClockRUN
                0x0000000000003d70                simConfig_BOARD_BootClockRUN
                0x0000000000003d78                simConfig_BOARD_BootClockVLPR
                0x0000000000003d80                oscConfig_BOARD_BootClockVLPR
                0x0000000000003d88                mcgConfig_BOARD_BootClockVLPR
 *fill*         0x0000000000003d92        0x2 
 .rodata.str1.4
                0x0000000000003d94        0xf hello_world.o
 *fill*         0x0000000000003da3        0x1 
 .rodata.str1.4
                0x0000000000003da4       0x3e drivers/fsl_assert.o
 *fill*         0x0000000000003de2        0x2 
 .rodata.str1.4
                0x0000000000003de4       0x43 drivers/fsl_clock.o
 *fill*         0x0000000000003e27        0x1 
 .rodata        0x0000000000003e28      0x14c drivers/fsl_clock.o
 .rodata.str1.4
                0x0000000000003f74       0x48 drivers/fsl_debug_console.o
 .rodata        0x0000000000003fbc       0x10 drivers/fsl_debug_console.o
 .rodata        0x0000000000003fcc       0x1c drivers/fsl_ftfx_cache.o
 .rodata.str1.4
                0x0000000000003fe8       0x1d drivers/fsl_io.o
 *fill*         0x0000000000004005        0x3 
 .rodata        0x0000000000004008        0x8 drivers/fsl_io.o
 .rodata.str1.4
                0x0000000000004010       0x2b drivers/fsl_log.o
 *fill*         0x000000000000403b        0x1 
 .rodata        0x000000000000403c       0x2e drivers/fsl_log.o
 *fill*         0x000000000000406a        0x2 
 .rodata.str1.4
                0x000000000000406c       0x96 drivers/fsl_lpsci.o
                                         0xae (size before relaxing)
 *fill*         0x0000000000004102        0x2 
 .rodata        0x0000000000004104      0x212 drivers/fsl_lpsci.o
 *fill*         0x0000000000004316        0x2 
 .rodata        0x0000000000004318        0x2 drivers/fsl_smc.o
 *fill*         0x000000000000431a        0x2 
 .rodata        0x000000000000431c      0x124 drivers/fsl_str.o
 .rodata.str1.4
                0x0000000000004440       0x2e drivers/fsl_uart.o
                                         0xa6 (size before relaxing)
 *fill*         0x000000000000446e        0x2 
 .rodata        0x0000000000004470      0x20d drivers/fsl_uart.o

.vfp11_veneer   0x0000000000004680        0x0
 .vfp11_veneer  0x0000000000004680        0x0 linker stubs

.v4_bx          0x0000000000004680        0x0
 .v4_bx         0x0000000000004680        0x0 linker stubs

.init           0x0000000000004680        0x4
 .init          0x0000000000004680        0x4 /usr/lib/gcc/arm-none-eabi/10.3.1/thumb/v6-m/nofp/crti.o
                0x0000000000004680                _init

.fini           0x0000000000004684        0x4
 .fini          0x0000000000004684        0x4 /usr/lib/gcc/arm-none-eabi/10.3.1/thumb/v6-m/nofp/crti.o
                0x0000000000004684                _fini

.iplt           0x0000000000004688        0x0
 .iplt          0x0000000000004688        0x0 board.o

.rel.dyn        0x0000000000004688        0x0
 .rel.iplt      0x0000000000004688        0x0 board.o

.ARM.extab
 *(.ARM.extab* .gnu.linkonce.armextab.*)

.ARM.exidx
 *(.ARM.exidx* .gnu.linkonce.armexidx.*)
                0x0000000000004688                . = ALIGN (0x4)
                0x0000000000004688                _etext = .
                0x0000000000004688                _sidata = .

.data           0x000000001fffe000        0xc load address 0x0000000000004688
                0x000000001fffe000                _sdata = .
 *(.data .data.*)
 .data          0x000000001fffe000        0x8 drivers/fsl_clock.o
 .data          0x000000001fffe008        0x4 drivers/system_MKL46Z4.o
                0x000000001fffe008                SystemCoreClock
                0x000000001fffe00c                . = ALIGN (0x4)
                0x000000001fffe00c                _edata = .

.igot.plt       0x000000001fffe00c        0x0 load address 0x0000000000004694
 .igot.plt      0x000000001fffe00c        0x0 board.o

.bss            0x000000001fffe00c       0x6c load address 0x0000000000004694
                0x000000001fffe00c                _sbss = .
 *(.bss .bss.*)
 .bss           0x000000001fffe00c        0x8 drivers/fsl_clock.o
                0x000000001fffe00c                g_xtal0Freq
                0x000000001fffe010                g_xtal32Freq
 .bss           0x000000001fffe014       0x40 drivers/fsl_ftfx_cache.o
 .bss           0x000000001fffe054        0x8 drivers/fsl_io.o
 .bss           0x000000001fffe05c        0x8 drivers/fsl_lpsci.o
 .bss           0x000000001fffe064        0x4 drivers/fsl_smc.o
 .bss           0x000000001fffe068       0x10 drivers/fsl_uart.o
 *(COMMON)
                0x000000001fffe078                . = ALIGN (0x4)
                0x000000001fffe078                _ebss = .

.co_stack       0x000000001fffe078      0x400 load address 0x0000000000004700
                0x000000001fffe078                . = ALIGN (0x8)
                0x000000001fffe478                . = (. + STACK_SIZE)
 *fill*         0x000000001fffe078      0x400 
                0x000000001fffe478                _start_of_stack = .
                0x000000001fffe478                . = ALIGN (0x4)
                0x000000001fffe478                _end = .
LOAD board.o
LOAD clock_config.o
LOAD hello_world.o
LOAD led_blinky.o
LOAD pin_mux_blinky.o
LOAD pin_mux.o
LOAD startup.o
LOAD drivers/fsl_assert.o
LOAD drivers/fsl_clock.o
LOAD drivers/fsl_common.o
LOAD drivers/fsl_debug_console.o
LOAD drivers/fsl_ftfx_cache.o
LOAD drivers/fsl_ftfx_controller.o
LOAD drivers/fsl_ftfx_flash.o
LOAD drivers/fsl_gpio.o
LOAD drivers/fsl_io.o
LOAD drivers/fsl_log.o
LOAD drivers/fsl_lpsci.o
LOAD drivers/fsl_smc.o
LOAD drivers/fsl_str.o
LOAD drivers/fsl_uart.o
LOAD drivers/system_MKL46Z4.o
START GROUP
LOAD /usr/lib/gcc/arm-none-eabi/10.3.1/thumb/v6-m/nofp/libgcc.a
LOAD /usr/lib/gcc/arm-none-eabi/10.3.1/../../../arm-none-eabi/lib/thumb/v6-m/nofp/libg_nano.a
LOAD /usr/lib/gcc/arm-none-eabi/10.3.1/../../../arm-none-eabi/lib/thumb/v6-m/nofp/libc_nano.a
END GROUP
START GROUP
LOAD /usr/lib/gcc/arm-none-eabi/10.3.1/thumb/v6-m/nofp/libgcc.a
LOAD /usr/lib/gcc/arm-none-eabi/10.3.1/../../../arm-none-eabi/lib/thumb/v6-m/nofp/libc_nano.a
END GROUP
LOAD /usr/lib/gcc/arm-none-eabi/10.3.1/thumb/v6-m/nofp/crtend.o
LOAD /usr/lib/gcc/arm-none-eabi/10.3.1/thumb/v6-m/nofp/crtn.o
OUTPUT(led_blinky.elf elf32-littlearm)
LOAD linker stubs

.ARM.attributes
                0x0000000000000000       0x28
 .ARM.attributes
                0x0000000000000000       0x1e /usr/lib/gcc/arm-none-eabi/10.3.1/thumb/v6-m/nofp/crti.o
 .ARM.attributes
                0x000000000000001e       0x2c board.o
 .ARM.attributes
                0x000000000000004a       0x2c clock_config.o
 .ARM.attributes
                0x0000000000000076       0x2c hello_world.o
 .ARM.attributes
                0x00000000000000a2       0x2c pin_mux_blinky.o
 .ARM.attributes
                0x00000000000000ce       0x2c startup.o
 .ARM.attributes
                0x00000000000000fa       0x2c drivers/fsl_assert.o
 .ARM.attributes
                0x0000000000000126       0x2c drivers/fsl_clock.o
 .ARM.attributes
                0x0000000000000152       0x2c drivers/fsl_debug_console.o
 .ARM.attributes
                0x000000000000017e       0x2c drivers/fsl_ftfx_cache.o
 .ARM.attributes
                0x00000000000001aa       0x2c drivers/fsl_io.o
 .ARM.attributes
                0x00000000000001d6       0x2c drivers/fsl_log.o
 .ARM.attributes
                0x0000000000000202       0x2c drivers/fsl_lpsci.o
 .ARM.attributes
                0x000000000000022e       0x2c drivers/fsl_smc.o
 .ARM.attributes
                0x000000000000025a       0x2c drivers/fsl_str.o
 .ARM.attributes
                0x0000000000000286       0x2c drivers/fsl_uart.o
 .ARM.attributes
                0x00000000000002b2       0x2c drivers/system_MKL46Z4.o
 .ARM.attributes
                0x00000000000002de       0x1e /usr/lib/gcc/arm-none-eabi/10.3.1/thumb/v6-m/nofp/libgcc.a(_udivsi3.o)
 .ARM.attributes
                0x00000000000002fc       0x1e /usr/lib/gcc/arm-none-eabi/10.3.1/thumb/v6-m/nofp/libgcc.a(_divsi3.o)
 .ARM.attributes
                0x000000000000031a       0x1e /usr/lib/gcc/arm-none-eabi/10.3.1/thumb/v6-m/nofp/libgcc.a(_dvmd_tls.o)
 .ARM.attributes
                0x0000000000000338       0x2c /usr/lib/gcc/arm-none-eabi/10.3.1/../../../arm-none-eabi/lib/thumb/v6-m/nofp/libg_nano.a(lib_a-memcpy-stub.o)
 .ARM.attributes
                0x0000000000000364       0x2c /usr/lib/gcc/arm-none-eabi/10.3.1/../../../arm-none-eabi/lib/thumb/v6-m/nofp/libg_nano.a(lib_a-memset.o)
 .ARM.attributes
                0x0000000000000390       0x2c /usr/lib/gcc/arm-none-eabi/10.3.1/../../../arm-none-eabi/lib/thumb/v6-m/nofp/libg_nano.a(lib_a-strlen-stub.o)

.comment        0x0000000000000000       0x33
 .comment       0x0000000000000000       0x33 board.o
                                         0x34 (size before relaxing)
 .comment       0x0000000000000033       0x34 clock_config.o
 .comment       0x0000000000000033       0x34 hello_world.o
 .comment       0x0000000000000033       0x34 pin_mux_blinky.o
 .comment       0x0000000000000033       0x34 startup.o
 .comment       0x0000000000000033       0x34 drivers/fsl_assert.o
 .comment       0x0000000000000033       0x34 drivers/fsl_clock.o
 .comment       0x0000000000000033       0x34 drivers/fsl_debug_console.o
 .comment       0x0000000000000033       0x34 drivers/fsl_ftfx_cache.o
 .comment       0x0000000000000033       0x34 drivers/fsl_io.o
 .comment       0x0000000000000033       0x34 drivers/fsl_log.o
 .comment       0x0000000000000033       0x34 drivers/fsl_lpsci.o
 .comment       0x0000000000000033       0x34 drivers/fsl_smc.o
 .comment       0x0000000000000033       0x34 drivers/fsl_str.o
 .comment       0x0000000000000033       0x34 drivers/fsl_uart.o
 .comment       0x0000000000000033       0x34 drivers/system_MKL46Z4.o
 .comment       0x0000000000000033       0x34 /usr/lib/gcc/arm-none-eabi/10.3.1/../../../arm-none-eabi/lib/thumb/v6-m/nofp/libg_nano.a(lib_a-memcpy-stub.o)
 .comment       0x0000000000000033       0x34 /usr/lib/gcc/arm-none-eabi/10.3.1/../../../arm-none-eabi/lib/thumb/v6-m/nofp/libg_nano.a(lib_a-memset.o)
 .comment       0x0000000000000033       0x34 /usr/lib/gcc/arm-none-eabi/10.3.1/../../../arm-none-eabi/lib/thumb/v6-m/nofp/libg_nano.a(lib_a-strlen-stub.o)

.debug_info     0x0000000000000000     0xb8ca
 .debug_info    0x0000000000000000      0x408 board.o
 .debug_info    0x0000000000000408      0xc95 clock_config.o
 .debug_info    0x000000000000109d      0x138 hello_world.o
 .debug_info    0x00000000000011d5      0x3c9 pin_mux_blinky.o
 .debug_info    0x000000000000159e      0x11f startup.o
 .debug_info    0x00000000000016bd      0x12b drivers/fsl_assert.o
 .debug_info    0x00000000000017e8     0x2268 drivers/fsl_clock.o
 .debug_info    0x0000000000003a50      0x656 drivers/fsl_debug_console.o
 .debug_info    0x00000000000040a6      0x6e9 drivers/fsl_ftfx_cache.o
 .debug_info    0x000000000000478f      0xb81 drivers/fsl_io.o
 .debug_info    0x0000000000005310      0x53e drivers/fsl_log.o
 .debug_info    0x000000000000584e     0x235c drivers/fsl_lpsci.o
 .debug_info    0x0000000000007baa      0xb0a drivers/fsl_smc.o
 .debug_info    0x00000000000086b4      0x7c9 drivers/fsl_str.o
 .debug_info    0x0000000000008e7d     0x2201 drivers/fsl_uart.o
 .debug_info    0x000000000000b07e      0x453 drivers/system_MKL46Z4.o
 .debug_info    0x000000000000b4d1       0x26 /usr/lib/gcc/arm-none-eabi/10.3.1/thumb/v6-m/nofp/libgcc.a(_udivsi3.o)
 .debug_info    0x000000000000b4f7       0x26 /usr/lib/gcc/arm-none-eabi/10.3.1/thumb/v6-m/nofp/libgcc.a(_divsi3.o)
 .debug_info    0x000000000000b51d       0x26 /usr/lib/gcc/arm-none-eabi/10.3.1/thumb/v6-m/nofp/libgcc.a(_dvmd_tls.o)
 .debug_info    0x000000000000b543      0x15c /usr/lib/gcc/arm-none-eabi/10.3.1/../../../arm-none-eabi/lib/thumb/v6-m/nofp/libg_nano.a(lib_a-memcpy-stub.o)
 .debug_info    0x000000000000b69f      0x13d /usr/lib/gcc/arm-none-eabi/10.3.1/../../../arm-none-eabi/lib/thumb/v6-m/nofp/libg_nano.a(lib_a-memset.o)
 .debug_info    0x000000000000b7dc       0xee /usr/lib/gcc/arm-none-eabi/10.3.1/../../../arm-none-eabi/lib/thumb/v6-m/nofp/libg_nano.a(lib_a-strlen-stub.o)

.debug_abbrev   0x0000000000000000     0x23fa
 .debug_abbrev  0x0000000000000000      0x183 board.o
 .debug_abbrev  0x0000000000000183      0x290 clock_config.o
 .debug_abbrev  0x0000000000000413       0x96 hello_world.o
 .debug_abbrev  0x00000000000004a9      0x198 pin_mux_blinky.o
 .debug_abbrev  0x0000000000000641       0xd7 startup.o
 .debug_abbrev  0x0000000000000718       0x9a drivers/fsl_assert.o
 .debug_abbrev  0x00000000000007b2      0x3f1 drivers/fsl_clock.o
 .debug_abbrev  0x0000000000000ba3      0x1f1 drivers/fsl_debug_console.o
 .debug_abbrev  0x0000000000000d94      0x218 drivers/fsl_ftfx_cache.o
 .debug_abbrev  0x0000000000000fac      0x257 drivers/fsl_io.o
 .debug_abbrev  0x0000000000001203      0x1ab drivers/fsl_log.o
 .debug_abbrev  0x00000000000013ae      0x3ea drivers/fsl_lpsci.o
 .debug_abbrev  0x0000000000001798      0x2c8 drivers/fsl_smc.o
 .debug_abbrev  0x0000000000001a60      0x248 drivers/fsl_str.o
 .debug_abbrev  0x0000000000001ca8      0x3c3 drivers/fsl_uart.o
 .debug_abbrev  0x000000000000206b      0x149 drivers/system_MKL46Z4.o
 .debug_abbrev  0x00000000000021b4       0x14 /usr/lib/gcc/arm-none-eabi/10.3.1/thumb/v6-m/nofp/libgcc.a(_udivsi3.o)
 .debug_abbrev  0x00000000000021c8       0x14 /usr/lib/gcc/arm-none-eabi/10.3.1/thumb/v6-m/nofp/libgcc.a(_divsi3.o)
 .debug_abbrev  0x00000000000021dc       0x14 /usr/lib/gcc/arm-none-eabi/10.3.1/thumb/v6-m/nofp/libgcc.a(_dvmd_tls.o)
 .debug_abbrev  0x00000000000021f0       0xc7 /usr/lib/gcc/arm-none-eabi/10.3.1/../../../arm-none-eabi/lib/thumb/v6-m/nofp/libg_nano.a(lib_a-memcpy-stub.o)
 .debug_abbrev  0x00000000000022b7       0xb4 /usr/lib/gcc/arm-none-eabi/10.3.1/../../../arm-none-eabi/lib/thumb/v6-m/nofp/libg_nano.a(lib_a-memset.o)
 .debug_abbrev  0x000000000000236b       0x8f /usr/lib/gcc/arm-none-eabi/10.3.1/../../../arm-none-eabi/lib/thumb/v6-m/nofp/libg_nano.a(lib_a-strlen-stub.o)

.debug_loc      0x0000000000000000     0x76bd
 .debug_loc     0x0000000000000000       0x38 board.o
 .debug_loc     0x0000000000000038       0x8a clock_config.o
 .debug_loc     0x00000000000000c2       0x15 hello_world.o
 .debug_loc     0x00000000000000d7       0x7a pin_mux_blinky.o
 .debug_loc     0x0000000000000151       0x8b startup.o
 .debug_loc     0x00000000000001dc       0xb9 drivers/fsl_assert.o
 .debug_loc     0x0000000000000295     0x173a drivers/fsl_clock.o
 .debug_loc     0x00000000000019cf      0x423 drivers/fsl_debug_console.o
 .debug_loc     0x0000000000001df2      0x202 drivers/fsl_ftfx_cache.o
 .debug_loc     0x0000000000001ff4      0x4c1 drivers/fsl_io.o
 .debug_loc     0x00000000000024b5      0x347 drivers/fsl_log.o
 .debug_loc     0x00000000000027fc     0x1b9f drivers/fsl_lpsci.o
 .debug_loc     0x000000000000439b      0x3c9 drivers/fsl_smc.o
 .debug_loc     0x0000000000004764      0xcf9 drivers/fsl_str.o
 .debug_loc     0x000000000000545d     0x19e8 drivers/fsl_uart.o
 .debug_loc     0x0000000000006e45       0xee drivers/system_MKL46Z4.o
 .debug_loc     0x0000000000006f33      0x457 /usr/lib/gcc/arm-none-eabi/10.3.1/../../../arm-none-eabi/lib/thumb/v6-m/nofp/libg_nano.a(lib_a-memcpy-stub.o)
 .debug_loc     0x000000000000738a      0x2a3 /usr/lib/gcc/arm-none-eabi/10.3.1/../../../arm-none-eabi/lib/thumb/v6-m/nofp/libg_nano.a(lib_a-memset.o)
 .debug_loc     0x000000000000762d       0x90 /usr/lib/gcc/arm-none-eabi/10.3.1/../../../arm-none-eabi/lib/thumb/v6-m/nofp/libg_nano.a(lib_a-strlen-stub.o)

.debug_aranges  0x0000000000000000      0x2c0
 .debug_aranges
                0x0000000000000000       0x20 board.o
 .debug_aranges
                0x0000000000000020       0x20 clock_config.o
 .debug_aranges
                0x0000000000000040       0x20 hello_world.o
 .debug_aranges
                0x0000000000000060       0x20 pin_mux_blinky.o
 .debug_aranges
                0x0000000000000080       0x20 startup.o
 .debug_aranges
                0x00000000000000a0       0x20 drivers/fsl_assert.o
 .debug_aranges
                0x00000000000000c0       0x20 drivers/fsl_clock.o
 .debug_aranges
                0x00000000000000e0       0x20 drivers/fsl_debug_console.o
 .debug_aranges
                0x0000000000000100       0x20 drivers/fsl_ftfx_cache.o
 .debug_aranges
                0x0000000000000120       0x20 drivers/fsl_io.o
 .debug_aranges
                0x0000000000000140       0x20 drivers/fsl_log.o
 .debug_aranges
                0x0000000000000160       0x20 drivers/fsl_lpsci.o
 .debug_aranges
                0x0000000000000180       0x20 drivers/fsl_smc.o
 .debug_aranges
                0x00000000000001a0       0x20 drivers/fsl_str.o
 .debug_aranges
                0x00000000000001c0       0x20 drivers/fsl_uart.o
 .debug_aranges
                0x00000000000001e0       0x20 drivers/system_MKL46Z4.o
 .debug_aranges
                0x0000000000000200       0x20 /usr/lib/gcc/arm-none-eabi/10.3.1/thumb/v6-m/nofp/libgcc.a(_udivsi3.o)
 .debug_aranges
                0x0000000000000220       0x20 /usr/lib/gcc/arm-none-eabi/10.3.1/thumb/v6-m/nofp/libgcc.a(_divsi3.o)
 .debug_aranges
                0x0000000000000240       0x20 /usr/lib/gcc/arm-none-eabi/10.3.1/thumb/v6-m/nofp/libgcc.a(_dvmd_tls.o)
 .debug_aranges
                0x0000000000000260       0x20 /usr/lib/gcc/arm-none-eabi/10.3.1/../../../arm-none-eabi/lib/thumb/v6-m/nofp/libg_nano.a(lib_a-memcpy-stub.o)
 .debug_aranges
                0x0000000000000280       0x20 /usr/lib/gcc/arm-none-eabi/10.3.1/../../../arm-none-eabi/lib/thumb/v6-m/nofp/libg_nano.a(lib_a-memset.o)
 .debug_aranges
                0x00000000000002a0       0x20 /usr/lib/gcc/arm-none-eabi/10.3.1/../../../arm-none-eabi/lib/thumb/v6-m/nofp/libg_nano.a(lib_a-strlen-stub.o)

.debug_macro    0x0000000000000000     0xdf23
 .debug_macro   0x0000000000000000      0x1f6 board.o
 .debug_macro   0x00000000000001f6      0xa42 board.o
 .debug_macro   0x0000000000000c38      0x34e board.o
 .debug_macro   0x0000000000000f86       0x22 board.o
 .debug_macro   0x0000000000000fa8       0x52 board.o
 .debug_macro   0x0000000000000ffa       0x18 board.o
 .debug_macro   0x0000000000001012       0x94 board.o
 .debug_macro   0x00000000000010a6       0x35 board.o
 .debug_macro   0x00000000000010db       0x34 board.o
 .debug_macro   0x000000000000110f       0x1c board.o
 .debug_macro   0x000000000000112b       0x22 board.o
 .debug_macro   0x000000000000114d      0x174 board.o
 .debug_macro   0x00000000000012c1       0x16 board.o
 .debug_macro   0x00000000000012d7       0x43 board.o
 .debug_macro   0x000000000000131a       0x57 board.o
 .debug_macro   0x0000000000001371       0x34 board.o
 .debug_macro   0x00000000000013a5       0x10 board.o
 .debug_macro   0x00000000000013b5       0x52 board.o
 .debug_macro   0x0000000000001407      0x182 board.o
 .debug_macro   0x0000000000001589      0x333 board.o
 .debug_macro   0x00000000000018bc       0x10 board.o
 .debug_macro   0x00000000000018cc       0x35 board.o
 .debug_macro   0x0000000000001901       0x16 board.o
 .debug_macro   0x0000000000001917       0x16 board.o
 .debug_macro   0x000000000000192d       0x29 board.o
 .debug_macro   0x0000000000001956       0x10 board.o
 .debug_macro   0x0000000000001966       0x3f board.o
 .debug_macro   0x00000000000019a5       0x1c board.o
 .debug_macro   0x00000000000019c1       0x22 board.o
 .debug_macro   0x00000000000019e3       0xd1 board.o
 .debug_macro   0x0000000000001ab4      0x3ad board.o
 .debug_macro   0x0000000000001e61       0x38 board.o
 .debug_macro   0x0000000000001e99     0x87f8 board.o
 .debug_macro   0x000000000000a691     0x121a board.o
 .debug_macro   0x000000000000b8ab       0x52 board.o
 .debug_macro   0x000000000000b8fd      0x10a board.o
 .debug_macro   0x000000000000ba07       0x74 board.o
 .debug_macro   0x000000000000ba7b       0x16 board.o
 .debug_macro   0x000000000000ba91       0x1c board.o
 .debug_macro   0x000000000000baad       0x10 board.o
 .debug_macro   0x000000000000babd      0x15b board.o
 .debug_macro   0x000000000000bc18       0x2e board.o
 .debug_macro   0x000000000000bc46      0x20a clock_config.o
 .debug_macro   0x000000000000be50       0x16 clock_config.o
 .debug_macro   0x000000000000be66      0x20a hello_world.o
 .debug_macro   0x000000000000c070       0x28 hello_world.o
 .debug_macro   0x000000000000c098       0x6a hello_world.o
 .debug_macro   0x000000000000c102      0x1dc pin_mux_blinky.o
 .debug_macro   0x000000000000c2de       0x17 startup.o
 .debug_macro   0x000000000000c2f5      0x1cc drivers/fsl_assert.o
 .debug_macro   0x000000000000c4c1      0x289 drivers/fsl_clock.o
 .debug_macro   0x000000000000c74a      0x1f2 drivers/fsl_debug_console.o
 .debug_macro   0x000000000000c93c       0x58 drivers/fsl_debug_console.o
 .debug_macro   0x000000000000c994      0x10e drivers/fsl_debug_console.o
 .debug_macro   0x000000000000caa2       0x8d drivers/fsl_debug_console.o
 .debug_macro   0x000000000000cb2f       0x16 drivers/fsl_debug_console.o
 .debug_macro   0x000000000000cb45       0x57 drivers/fsl_debug_console.o
 .debug_macro   0x000000000000cb9c      0x22d drivers/fsl_ftfx_cache.o
 .debug_macro   0x000000000000cdc9      0x26a drivers/fsl_ftfx_cache.o
 .debug_macro   0x000000000000d033       0x2e drivers/fsl_ftfx_cache.o
 .debug_macro   0x000000000000d061       0x7c drivers/fsl_ftfx_cache.o
 .debug_macro   0x000000000000d0dd       0x16 drivers/fsl_ftfx_cache.o
 .debug_macro   0x000000000000d0f3      0x1f4 drivers/fsl_io.o
 .debug_macro   0x000000000000d2e7       0x10 drivers/fsl_io.o
 .debug_macro   0x000000000000d2f7       0x10 drivers/fsl_io.o
 .debug_macro   0x000000000000d307      0x218 drivers/fsl_log.o
 .debug_macro   0x000000000000d51f      0x1d9 drivers/fsl_lpsci.o
 .debug_macro   0x000000000000d6f8      0x226 drivers/fsl_smc.o
 .debug_macro   0x000000000000d91e       0x1c drivers/fsl_smc.o
 .debug_macro   0x000000000000d93a      0x1ec drivers/fsl_str.o
 .debug_macro   0x000000000000db26      0x1a9 drivers/fsl_str.o
 .debug_macro   0x000000000000dccf      0x1df drivers/fsl_uart.o
 .debug_macro   0x000000000000deae       0x75 drivers/system_MKL46Z4.o

.debug_line     0x0000000000000000     0x78ad
 .debug_line    0x0000000000000000      0x320 board.o
 .debug_line    0x0000000000000320      0x398 clock_config.o
 .debug_line    0x00000000000006b8      0x323 hello_world.o
 .debug_line    0x00000000000009db      0x314 pin_mux_blinky.o
 .debug_line    0x0000000000000cef       0xa3 startup.o
 .debug_line    0x0000000000000d92      0x2d5 drivers/fsl_assert.o
 .debug_line    0x0000000000001067     0x15b4 drivers/fsl_clock.o
 .debug_line    0x000000000000261b      0x479 drivers/fsl_debug_console.o
 .debug_line    0x0000000000002a94      0x45d drivers/fsl_ftfx_cache.o
 .debug_line    0x0000000000002ef1      0x501 drivers/fsl_io.o
 .debug_line    0x00000000000033f2      0x477 drivers/fsl_log.o
 .debug_line    0x0000000000003869     0x1221 drivers/fsl_lpsci.o
 .debug_line    0x0000000000004a8a      0x767 drivers/fsl_smc.o
 .debug_line    0x00000000000051f1      0xc11 drivers/fsl_str.o
 .debug_line    0x0000000000005e02     0x11be drivers/fsl_uart.o
 .debug_line    0x0000000000006fc0      0x2b9 drivers/system_MKL46Z4.o
 .debug_line    0x0000000000007279       0x6c /usr/lib/gcc/arm-none-eabi/10.3.1/thumb/v6-m/nofp/libgcc.a(_udivsi3.o)
 .debug_line    0x00000000000072e5       0x73 /usr/lib/gcc/arm-none-eabi/10.3.1/thumb/v6-m/nofp/libgcc.a(_divsi3.o)
 .debug_line    0x0000000000007358       0x60 /usr/lib/gcc/arm-none-eabi/10.3.1/thumb/v6-m/nofp/libgcc.a(_dvmd_tls.o)
 .debug_line    0x00000000000073b8      0x1b5 /usr/lib/gcc/arm-none-eabi/10.3.1/../../../arm-none-eabi/lib/thumb/v6-m/nofp/libg_nano.a(lib_a-memcpy-stub.o)
 .debug_line    0x000000000000756d      0x1ce /usr/lib/gcc/arm-none-eabi/10.3.1/../../../arm-none-eabi/lib/thumb/v6-m/nofp/libg_nano.a(lib_a-memset.o)
 .debug_line    0x000000000000773b      0x172 /usr/lib/gcc/arm-none-eabi/10.3.1/../../../arm-none-eabi/lib/thumb/v6-m/nofp/libg_nano.a(lib_a-strlen-stub.o)

.debug_str      0x0000000000000000    0x53ee5
 .debug_str     0x0000000000000000    0x4cd3e board.o
                                      0x4d0a8 (size before relaxing)
 .debug_str     0x000000000004cd3e      0xce3 clock_config.o
                                      0x4d38e (size before relaxing)
 .debug_str     0x000000000004da21      0x26f hello_world.o
                                      0x4d1b3 (size before relaxing)
 .debug_str     0x000000000004dc90      0x30f pin_mux_blinky.o
                                      0x4c8bb (size before relaxing)
 .debug_str     0x000000000004df9f       0x9b startup.o
                                       0x2c3b (size before relaxing)
 .debug_str     0x000000000004e03a       0x33 drivers/fsl_assert.o
                                      0x4c5f9 (size before relaxing)
 .debug_str     0x000000000004e06d     0x1330 drivers/fsl_clock.o
                                      0x4e4ab (size before relaxing)
 .debug_str     0x000000000004f39d      0x42c drivers/fsl_debug_console.o
                                      0x4cb4c (size before relaxing)
 .debug_str     0x000000000004f7c9     0x1cb6 drivers/fsl_ftfx_cache.o
                                      0x4e7bc (size before relaxing)
 .debug_str     0x000000000005147f      0x6f3 drivers/fsl_io.o
                                      0x4d435 (size before relaxing)
 .debug_str     0x0000000000051b72      0x18a drivers/fsl_log.o
                                      0x4c9f6 (size before relaxing)
 .debug_str     0x0000000000051cfc      0xa06 drivers/fsl_lpsci.o
                                      0x4daed (size before relaxing)
 .debug_str     0x0000000000052702      0x3fb drivers/fsl_smc.o
                                      0x4e643 (size before relaxing)
 .debug_str     0x0000000000052afd      0x9bb drivers/fsl_str.o
                                      0x4d246 (size before relaxing)
 .debug_str     0x00000000000534b8      0x70f drivers/fsl_uart.o
                                      0x4db0a (size before relaxing)
 .debug_str     0x0000000000053bc7       0x5d drivers/system_MKL46Z4.o
                                      0x48bdb (size before relaxing)
 .debug_str     0x0000000000053c24       0xa6 /usr/lib/gcc/arm-none-eabi/10.3.1/thumb/v6-m/nofp/libgcc.a(_udivsi3.o)
 .debug_str     0x0000000000053cca       0xa6 /usr/lib/gcc/arm-none-eabi/10.3.1/thumb/v6-m/nofp/libgcc.a(_divsi3.o)
 .debug_str     0x0000000000053cca       0xa6 /usr/lib/gcc/arm-none-eabi/10.3.1/thumb/v6-m/nofp/libgcc.a(_dvmd_tls.o)
 .debug_str     0x0000000000053cca      0x13b /usr/lib/gcc/arm-none-eabi/10.3.1/../../../arm-none-eabi/lib/thumb/v6-m/nofp/libg_nano.a(lib_a-memcpy-stub.o)
                                        0x1de (size before relaxing)
 .debug_str     0x0000000000053e05       0x9f /usr/lib/gcc/arm-none-eabi/10.3.1/../../../arm-none-eabi/lib/thumb/v6-m/nofp/libg_nano.a(lib_a-memset.o)
                                        0x1b9 (size before relaxing)
 .debug_str     0x0000000000053ea4       0x41 /usr/lib/gcc/arm-none-eabi/10.3.1/../../../arm-none-eabi/lib/thumb/v6-m/nofp/libg_nano.a(lib_a-strlen-stub.o)
                                        0x1ca (size before relaxing)

.debug_frame    0x0000000000000000     0x1184
 .debug_frame   0x0000000000000000       0x28 board.o
 .debug_frame   0x0000000000000028       0x50 clock_config.o
 .debug_frame   0x0000000000000078       0x28 hello_world.o
 .debug_frame   0x00000000000000a0       0x38 pin_mux_blinky.o
 .debug_frame   0x00000000000000d8       0x38 startup.o
 .debug_frame   0x0000000000000110       0x2c drivers/fsl_assert.o
 .debug_frame   0x000000000000013c      0x4a8 drivers/fsl_clock.o
 .debug_frame   0x00000000000005e4      0x124 drivers/fsl_debug_console.o
 .debug_frame   0x0000000000000708       0x98 drivers/fsl_ftfx_cache.o
 .debug_frame   0x00000000000007a0       0x74 drivers/fsl_io.o
 .debug_frame   0x0000000000000814       0xdc drivers/fsl_log.o
 .debug_frame   0x00000000000008f0      0x2d8 drivers/fsl_lpsci.o
 .debug_frame   0x0000000000000bc8       0xe8 drivers/fsl_smc.o
 .debug_frame   0x0000000000000cb0       0x9c drivers/fsl_str.o
 .debug_frame   0x0000000000000d4c      0x318 drivers/fsl_uart.o
 .debug_frame   0x0000000000001064       0x54 drivers/system_MKL46Z4.o
 .debug_frame   0x00000000000010b8       0x20 /usr/lib/gcc/arm-none-eabi/10.3.1/thumb/v6-m/nofp/libgcc.a(_udivsi3.o)
 .debug_frame   0x00000000000010d8       0x20 /usr/lib/gcc/arm-none-eabi/10.3.1/thumb/v6-m/nofp/libgcc.a(_divsi3.o)
 .debug_frame   0x00000000000010f8       0x34 /usr/lib/gcc/arm-none-eabi/10.3.1/../../../arm-none-eabi/lib/thumb/v6-m/nofp/libg_nano.a(lib_a-memcpy-stub.o)
 .debug_frame   0x000000000000112c       0x30 /usr/lib/gcc/arm-none-eabi/10.3.1/../../../arm-none-eabi/lib/thumb/v6-m/nofp/libg_nano.a(lib_a-memset.o)
 .debug_frame   0x000000000000115c       0x28 /usr/lib/gcc/arm-none-eabi/10.3.1/../../../arm-none-eabi/lib/thumb/v6-m/nofp/libg_nano.a(lib_a-strlen-stub.o)

.debug_ranges   0x0000000000000000       0x60
 .debug_ranges  0x0000000000000000       0x18 drivers/fsl_ftfx_cache.o
 .debug_ranges  0x0000000000000018       0x18 drivers/fsl_lpsci.o
 .debug_ranges  0x0000000000000030       0x30 drivers/fsl_smc.o
